// 重构日志: 2e9d1df9
// 重构日志: 6d5fef6b
// 重构日志: c399cf64
// 同步 ID: 2ae374e9 @ Fri Jul 24 04:54:42 UTC 2026
// 重构日志: 9be3f5e9
// 重构日志: 45bc9ef9
// 重构日志: 71898063
// 同步 ID: 1b3618c0 @ Sun Jul 26 15:40:13 UTC 2026
// 同步 ID: 5da22bae @ Sun Jul 26 18:00:59 UTC 2026
// 重构日志: ad37359b
// 重构日志: 489825f9
// 同步 ID: ded72051 @ Tue Jul 28 18:15:27 UTC 2026
// 重构日志: 76959f79
// 重构日志: b55557ee
// 同步 ID: a5462cc7 @ Fri Jul 31 01:55:57 UTC 2026
// 同步 ID: 356c8716 @ Fri Jul 31 09:01:01 UTC 2026
// 同步 ID: 61a34d3c @ Fri Jul 31 13:22:49 UTC 2026
// 同步 ID: 6a42e034 @ Sat Aug  1 05:40:22 UTC 2026
// 重构日志: cb45ccd9
// 重构日志: 7ed23e33
// 重构日志: d1f03793
// 同步 ID: 0f3cc7bf @ Sun Aug  2 05:39:11 UTC 2026
// 同步 ID: 421645b9 @ Sun Aug  2 17:57:47 UTC 2026
// 重构日志: 43137705
// 重构日志: eddfda1b
// 重构日志: 501cd337
// 重构日志: 734533c9
// 重构日志: 25e421c5
// 重构日志: 2084b595
// 同步 ID: 99431526 @ Sat Aug  8 08:18:59 UTC 2026
